projects/amazon-trend-analyzer/qb_chunks/page_159_skip159000.csv
ASIN Buyability Flag,asin_status,CVR%,revenue,asp,units,gv,Images #,Videos #,Has A+ Content,Buybox Winner,Average Rating,Number of Ratings,bb_price,Ad CTR%,Ad CVR%,bsr,brand,Ad CPC$,ASIN (Description),Update Type,Sold By Amazon,Has Coupon?,Has Store Link?,In Stock Today?,category,Sellable On Hand Units,asin,date,Ad Cost,Ad Sales,Ad Clicks,Ad Impressions,Ad Conversions
In Stock,ACTIVE,0.0,0.0,,0.0,2.0,5.0,0.0,True,,4.4,5643.0,28.24,,,143.0,Clorox,,B08NYTTWYX (Clorox Scentiva ГѓвЂљГ‚вЂ“ Dish Soap ГѓвЂљГ‚вЂ“ 26oz ГѓвЂљГ‚вЂ“ 6pck ГѓвЂљГ‚вЂ“ Pacific Breeze & Coconut),[],True,False,False,True,Cleaning,235.0,B08NYTTWYX,2025-10-30,,,,,
In Stock,ACTIVE,0.5,26.0,26.01,1.0,2.0,5.0,0.0,True,,4.4,5642.0,34.87,,,146.0,Clorox,,B08NYTTWYX (Clorox Scentiva ГѓвЂљГ‚вЂ“ Dish Soap ГѓвЂљГ‚вЂ“ 26oz ГѓвЂљГ‚вЂ“ 6pck ГѓвЂљГ‚вЂ“ Pacific Breeze & Coconut),[],True,False,False,True,Cleaning,235.0,B08NYTTWYX,2025-10-29,,,,,
In Stock,ACTIVE,0.25,35.0,34.8,1.0,4.0,5.0,0.0,True,,4.4,5643.0,34.87,,,142.0,Clorox,,B08NYTTWYX (Clorox Scentiva ГѓвЂљГ‚вЂ“ Dish Soap ГѓвЂљГ‚вЂ“ 26oz ГѓвЂљГ‚вЂ“ 6pck ГѓвЂљГ‚вЂ“ Pacific Breeze & Coconut),[],True,False,False,True,Cleaning,235.0,B08NYTTWYX,2025-10-28,,,,,
In Stock,ACTIVE,0.0,8.0,,0.0,8.0,5.0,0.0,True,,4.4,5642.0,34.87,,,131.0,Clorox,,B08NYTTWYX (Clorox Scentiva ГѓвЂљГ‚вЂ“ Dish Soap ГѓвЂљГ‚вЂ“ 26oz ГѓвЂљГ‚вЂ“ 6pck ГѓвЂљГ‚вЂ“ Pacific Breeze & Coconut),[],True,False,False,True,Cleaning,237.0,B08NYTTWYX,2025-10-27,,,,,
In Stock,ACTIVE,0.2,36.0,35.71,1.0,5.0,5.0,0.0,True,,4.4,5642.0,35.71,,,132.0,Clorox,,B08NYTTWYX (Clorox Scentiva ГѓвЂљГ‚вЂ“ Dish Soap ГѓвЂљГ‚вЂ“ 26oz ГѓвЂљГ‚вЂ“ 6pck ГѓвЂљГ‚вЂ“ Pacific Breeze & Coconut),[],True,False,False,True,Cleaning,238.0,B08NYTTWYX,2025-10-26,,,,,
In Stock,ACTIVE,0.333,57.0,28.27,2.0,6.0,5.0,0.0,True,,4.4,5642.0,28.1,,,137.0,Clorox,,B08NYTTWYX (Clorox Scentiva ГѓвЂљГ‚вЂ“ Dish Soap ГѓвЂљГ‚вЂ“ 26oz ГѓвЂљГ‚вЂ“ 6pck ГѓвЂљГ‚вЂ“ Pacific Breeze & Coconut),[],True,False,False,True,Cleaning,240.0,B08NYTTWYX,2025-10-25,,,,,
In Stock,ACTIVE,0.4,53.0,26.56,2.0,5.0,5.0,0.0,True,,4.4,5642.0,26.43,,,138.0,Clorox,,B08NYTTWYX (Clorox Scentiva ГѓвЂљГ‚вЂ“ Dish Soap ГѓвЂљГ‚вЂ“ 26oz ГѓвЂљГ‚вЂ“ 6pck ГѓвЂљГ‚вЂ“ Pacific Breeze & Coconut),[],True,False,False,True,Cleaning,241.0,B08NYTTWYX,2025-10-24,,,,,
In Stock,ACTIVE,0.2,26.0,26.43,1.0,5.0,5.0,0.0,True,,4.4,5642.0,35.71,,,136.0,Clorox,,B08NYTTWYX (Clorox Scentiva ГѓвЂљГ‚вЂ“ Dish Soap ГѓвЂљГ‚вЂ“ 26oz ГѓвЂљГ‚вЂ“ 6pck ГѓвЂљГ‚вЂ“ Pacific Breeze & Coconut),[],True,False,False,True,Cleaning,243.0,B08NYTTWYX,2025-10-23,,,,,
In Stock,ACTIVE,0.167,28.0,27.75,1.0,6.0,5.0,0.0,True,,4.4,5642.0,35.71,,,146.0,Clorox,,B08NYTTWYX (Clorox Scentiva ГѓвЂљГ‚вЂ“ Dish Soap ГѓвЂљГ‚вЂ“ 26oz ГѓвЂљГ‚вЂ“ 6pck ГѓвЂљГ‚вЂ“ Pacific Breeze & Coconut),[],True,False,False,True,Cleaning,243.0,B08NYTTWYX,2025-10-22,,,,,
In Stock,ACTIVE,0.0,0.0,,0.0,4.0,5.0,0.0,True,,4.4,5642.0,35.71,,,146.0,Clorox,,B08NYTTWYX (Clorox Scentiva ГѓвЂљГ‚вЂ“ Dish Soap ГѓвЂљГ‚вЂ“ 26oz ГѓвЂљГ‚вЂ“ 6pck ГѓвЂљГ‚вЂ“ Pacific Breeze & Coconut),[],True,False,False,True,Cleaning,242.0,B08NYTTWYX,2025-10-21,,,,,
In Stock,ACTIVE,0.0,0.0,,0.0,1.0,5.0,0.0,True,,4.4,5642.0,35.71,,,146.0,Clorox,,B08NYTTWYX (Clorox Scentiva ГѓвЂљГ‚вЂ“ Dish Soap ГѓвЂљГ‚вЂ“ 26oz ГѓвЂљГ‚вЂ“ 6pck ГѓвЂљГ‚вЂ“ Pacific Breeze & Coconut),[],True,False,False,True,Cleaning,242.0,B08NYTTWYX,2025-10-20,,,,,
In Stock,ACTIVE,0.4,71.0,35.71,2.0,5.0,5.0,0.0,True,,4.4,5642.0,35.71,,,148.0,Clorox,,B08NYTTWYX (Clorox Scentiva ГѓвЂљГ‚вЂ“ Dish Soap ГѓвЂљГ‚вЂ“ 26oz ГѓвЂљГ‚вЂ“ 6pck ГѓвЂљГ‚вЂ“ Pacific Breeze & Coconut),[],True,False,False,True,Cleaning,242.0,B08NYTTWYX,2025-10-19,,,,,
In Stock,ACTIVE,0.0,,,,1.0,5.0,0.0,True,,4.4,5642.0,35.89,,,153.0,Clorox,,B08NYTTWYX (Clorox Scentiva ГѓвЂљГ‚вЂ“ Dish Soap ГѓвЂљГ‚вЂ“ 26oz ГѓвЂљГ‚вЂ“ 6pck ГѓвЂљГ‚вЂ“ Pacific Breeze & Coconut),[],True,False,False,True,Cleaning,244.0,B08NYTTWYX,2025-10-18,,,,,
In Stock,ACTIVE,0.0,,,,1.0,5.0,0.0,True,,4.4,5642.0,35.74,,,146.0,Clorox,,B08NYTTWYX (Clorox Scentiva ГѓвЂљГ‚вЂ“ Dish Soap ГѓвЂљГ‚вЂ“ 26oz ГѓвЂљГ‚вЂ“ 6pck ГѓвЂљГ‚вЂ“ Pacific Breeze & Coconut),[],True,False,False,True,Cleaning,244.0,B08NYTTWYX,2025-10-17,,,,,
In Stock,ACTIVE,-0.5,-27.0,27.4,-1.0,2.0,5.0,0.0,True,,4.4,5643.0,27.75,,,139.0,Clorox,,B08NYTTWYX (Clorox Scentiva ГѓвЂљГ‚вЂ“ Dish Soap ГѓвЂљГ‚вЂ“ 26oz ГѓвЂљГ‚вЂ“ 6pck ГѓвЂљГ‚вЂ“ Pacific Breeze & Coconut),[],True,False,False,True,Cleaning,244.0,B08NYTTWYX,2025-10-16,,,,,
In Stock,ACTIVE,0.0,0.0,,0.0,3.0,5.0,0.0,True,,4.4,5642.0,27.75,,,135.0,Clorox,,B08NYTTWYX (Clorox Scentiva ГѓвЂљГ‚вЂ“ Dish Soap ГѓвЂљГ‚вЂ“ 26oz ГѓвЂљГ‚вЂ“ 6pck ГѓвЂљГ‚вЂ“ Pacific Breeze & Coconut),[],True,False,False,True,Cleaning,244.0,B08NYTTWYX,2025-10-15,,,,,
In Stock,ACTIVE,0.0,0.0,,0.0,4.0,5.0,0.0,True,,4.4,5642.0,27.75,,,131.0,Clorox,,B08NYTTWYX (Clorox Scentiva ГѓвЂљГ‚вЂ“ Dish Soap ГѓвЂљГ‚вЂ“ 26oz ГѓвЂљГ‚вЂ“ 6pck ГѓвЂљГ‚вЂ“ Pacific Breeze & Coconut),[],True,False,False,True,Cleaning,245.0,B08NYTTWYX,2025-10-14,,,,,
In Stock,ACTIVE,0.0,7.0,,0.0,5.0,5.0,0.0,True,,4.4,5642.0,34.91,,,136.0,Clorox,,B08NYTTWYX (Clorox Scentiva ГѓвЂљГ‚вЂ“ Dish Soap ГѓвЂљГ‚вЂ“ 26oz ГѓвЂљГ‚вЂ“ 6pck ГѓвЂљГ‚вЂ“ Pacific Breeze & Coconut),[],True,False,False,True,Cleaning,247.0,B08NYTTWYX,2025-10-13,,,,,
In Stock,ACTIVE,0.444,125.0,31.29,4.0,9.0,5.0,0.0,True,,4.4,5642.0,34.91,,,138.0,Clorox,,B08NYTTWYX (Clorox Scentiva ГѓвЂљГ‚вЂ“ Dish Soap ГѓвЂљГ‚вЂ“ 26oz ГѓвЂљГ‚вЂ“ 6pck ГѓвЂљГ‚вЂ“ Pacific Breeze & Coconut),[],True,False,False,True,Cleaning,250.0,B08NYTTWYX,2025-10-12,,,,,
In Stock,ACTIVE,0.0,0.0,,0.0,3.0,5.0,0.0,True,,4.4,5642.0,34.9,,,143.0,Clorox,,B08NYTTWYX (Clorox Scentiva ГѓвЂљГ‚вЂ“ Dish Soap ГѓвЂљГ‚вЂ“ 26oz ГѓвЂљГ‚вЂ“ 6pck ГѓвЂљГ‚вЂ“ Pacific Breeze & Coconut),[],True,False,False,True,Cleaning,251.0,B08NYTTWYX,2025-10-11,,,,,
In Stock,ACTIVE,0.25,27.0,27.48,1.0,4.0,5.0,0.0,True,,4.4,5643.0,28.55,,,148.0,Clorox,,B08NYTTWYX (Clorox Scentiva ГѓвЂљГ‚вЂ“ Dish Soap ГѓвЂљГ‚вЂ“ 26oz ГѓвЂљГ‚вЂ“ 6pck ГѓвЂљГ‚вЂ“ Pacific Breeze & Coconut),[],True,False,False,True,Cleaning,251.0,B08NYTTWYX,2025-10-10,,,,,
In Stock,ACTIVE,0.667,55.0,27.57,2.0,3.0,5.0,0.0,True,,4.4,5642.0,28.55,,,140.0,Clorox,,B08NYTTWYX (Clorox Scentiva ГѓвЂљГ‚вЂ“ Dish Soap ГѓвЂљГ‚вЂ“ 26oz ГѓвЂљГ‚вЂ“ 6pck ГѓвЂљГ‚вЂ“ Pacific Breeze & Coconut),[],True,False,False,True,Cleaning,253.0,B08NYTTWYX,2025-10-09,,,,,
In Stock,ACTIVE,0.0,0.0,,0.0,13.0,5.0,0.0,True,,4.4,5642.0,28.55,,,141.0,Clorox,,B08NYTTWYX (Clorox Scentiva ГѓвЂљГ‚вЂ“ Dish Soap ГѓвЂљГ‚вЂ“ 26oz ГѓвЂљГ‚вЂ“ 6pck ГѓвЂљГ‚вЂ“ Pacific Breeze & Coconut),[],True,False,False,True,Cleaning,253.0,B08NYTTWYX,2025-10-08,,,,,
In Stock,ACTIVE,0.0,19.0,,0.0,2.0,5.0,0.0,True,,4.4,144.0,35.32,,,124.0,Clorox,,B08NYTTWYX (Clorox Scentiva ГѓвЂљГ‚вЂ“ Dish Soap ГѓвЂљГ‚вЂ“ 26oz ГѓвЂљГ‚вЂ“ 6pck ГѓвЂљГ‚вЂ“ Pacific Breeze & Coconut),[],True,False,False,True,Cleaning,374.0,B08NYTTWYX,2025-06-27,0.0,0.0,0.0,0.0,0.0
In Stock,ACTIVE,1.0,69.0,34.66,2.0,2.0,5.0,0.0,True,,4.4,144.0,35.32,,,127.0,Clorox,,B08NYTTWYX (Clorox Scentiva ГѓвЂљГ‚вЂ“ Dish Soap ГѓвЂљГ‚вЂ“ 26oz ГѓвЂљГ‚вЂ“ 6pck ГѓвЂљГ‚вЂ“ Pacific Breeze & Coconut),[],True,False,False,True,Cleaning,375.0,B08NYTTWYX,2025-06-26,0.0,0.0,0.0,0.0,0.0
In Stock,ACTIVE,0.0,-9.0,,0.0,4.0,5.0,0.0,True,,4.3,143.0,35.32,,,130.0,Clorox,,B08NYTTWYX (Clorox Scentiva ГѓвЂљГ‚вЂ“ Dish Soap ГѓвЂљГ‚вЂ“ 26oz ГѓвЂљГ‚вЂ“ 6pck ГѓвЂљГ‚вЂ“ Pacific Breeze & Coconut),[],True,False,False,True,Cleaning,376.0,B08NYTTWYX,2025-06-25,0.0,0.0,0.0,0.0,0.0
In Stock,ACTIVE,0.0,8.0,,0.0,11.0,5.0,0.0,True,,4.3,143.0,35.32,,,129.0,Clorox,,B08NYTTWYX (Clorox Scentiva ГѓвЂљГ‚вЂ“ Dish Soap ГѓвЂљГ‚вЂ“ 26oz ГѓвЂљГ‚вЂ“ 6pck ГѓвЂљГ‚вЂ“ Pacific Breeze & Coconut),[],True,False,False,True,Cleaning,378.0,B08NYTTWYX,2025-06-24,0.0,0.0,0.0,0.0,0.0
In Stock,ACTIVE,0.8,115.0,28.76,4.0,5.0,5.0,4.0,True,,4.3,143.0,35.32,,,122.0,Clorox,,B08NYTTWYX (Clorox Scentiva ГѓвЂљГ‚вЂ“ Dish Soap ГѓвЂљГ‚вЂ“ 26oz ГѓвЂљГ‚вЂ“ 6pck ГѓвЂљГ‚вЂ“ Pacific Breeze & Coconut),[],True,False,False,True,Cleaning,379.0,B08NYTTWYX,2025-06-23,0.0,0.0,0.0,0.0,0.0
In Stock,ACTIVE,0.0,0.0,,0.0,3.0,5.0,4.0,True,,4.3,143.0,35.32,,,128.0,Clorox,,B08NYTTWYX (Clorox Scentiva ГѓвЂљГ‚вЂ“ Dish Soap ГѓвЂљГ‚вЂ“ 26oz ГѓвЂљГ‚вЂ“ 6pck ГѓвЂљГ‚вЂ“ Pacific Breeze & Coconut),[],True,False,False,True,Cleaning,380.0,B08NYTTWYX,2025-06-22,0.0,0.0,0.0,0.0,0.0
In Stock,ACTIVE,0.111,35.0,35.32,1.0,9.0,5.0,4.0,True,,4.3,143.0,35.32,,,126.0,Clorox,,B08NYTTWYX (Clorox Scentiva ГѓвЂљГ‚вЂ“ Dish Soap ГѓвЂљГ‚вЂ“ 26oz ГѓвЂљГ‚вЂ“ 6pck ГѓвЂљГ‚вЂ“ Pacific Breeze & Coconut),[],True,False,False,True,Cleaning,380.0,B08NYTTWYX,2025-06-21,0.0,0.0,0.0,0.0,0.0
In Stock,ACTIVE,0.125,35.0,35.32,1.0,8.0,5.0,4.0,True,,4.3,143.0,35.32,,,128.0,Clorox,,B08NYTTWYX (Clorox Scentiva ГѓвЂљГ‚вЂ“ Dish Soap ГѓвЂљГ‚вЂ“ 26oz ГѓвЂљГ‚вЂ“ 6pck ГѓвЂљГ‚вЂ“ Pacific Breeze & Coconut),[],True,False,False,True,Cleaning,379.0,B08NYTTWYX,2025-06-20,0.0,0.0,0.0,0.0,0.0
In Stock,ACTIVE,0.0,,,,4.0,5.0,4.0,True,,4.3,143.0,35.32,,,132.0,Clorox,,B08NYTTWYX (Clorox Scentiva ГѓвЂљГ‚вЂ“ Dish Soap ГѓвЂљГ‚вЂ“ 26oz ГѓвЂљГ‚вЂ“ 6pck ГѓвЂљГ‚вЂ“ Pacific Breeze & Coconut),[],True,False,False,True,Cleaning,379.0,B08NYTTWYX,2025-06-19,0.0,0.0,0.0,0.0,0.0
In Stock,ACTIVE,-0.25,-25.0,25.11,-1.0,4.0,5.0,4.0,True,,4.3,143.0,35.32,,,115.0,Clorox,,B08NYTTWYX (Clorox Scentiva ГѓвЂљГ‚вЂ“ Dish Soap ГѓвЂљГ‚вЂ“ 26oz ГѓвЂљГ‚вЂ“ 6pck ГѓвЂљГ‚вЂ“ Pacific Breeze & Coconut),[],True,False,False,True,Cleaning,379.0,B08NYTTWYX,2025-06-18,0.0,0.0,0.0,0.0,0.0
In Stock,ACTIVE,0.0,0.0,,0.0,4.0,5.0,4.0,True,,4.3,143.0,35.32,,,118.0,Clorox,,B08NYTTWYX (Clorox Scentiva ГѓвЂљГ‚вЂ“ Dish Soap ГѓвЂљГ‚вЂ“ 26oz ГѓвЂљГ‚вЂ“ 6pck ГѓвЂљГ‚вЂ“ Pacific Breeze & Coconut),[],True,False,False,True,Cleaning,379.0,B08NYTTWYX,2025-06-17,0.0,0.0,0.0,0.0,0.0
In Stock,ACTIVE,0.0,9.0,,0.0,6.0,5.0,4.0,True,,4.3,143.0,35.32,,,118.0,Clorox,,B08NYTTWYX (Clorox Scentiva ГѓвЂљГ‚вЂ“ Dish Soap ГѓвЂљГ‚вЂ“ 26oz ГѓвЂљГ‚вЂ“ 6pck ГѓвЂљГ‚вЂ“ Pacific Breeze & Coconut),[],True,False,False,True,Cleaning,383.0,B08NYTTWYX,2025-06-16,0.0,0.0,0.0,0.0,0.0
In Stock,ACTIVE,0.222,61.0,30.66,2.0,9.0,5.0,4.0,True,,4.3,143.0,35.32,,,121.0,Clorox,,B08NYTTWYX (Clorox Scentiva ГѓвЂљГ‚вЂ“ Dish Soap ГѓвЂљГ‚вЂ“ 26oz ГѓвЂљГ‚вЂ“ 6pck ГѓвЂљГ‚вЂ“ Pacific Breeze & Coconut),[],True,False,False,True,Cleaning,385.0,B08NYTTWYX,2025-06-15,0.0,0.0,0.0,0.0,0.0
In Stock,ACTIVE,0.4,64.0,32.11,2.0,5.0,5.0,4.0,True,,4.3,143.0,35.32,,,124.0,Clorox,,B08NYTTWYX (Clorox Scentiva ГѓвЂљГ‚вЂ“ Dish Soap ГѓвЂљГ‚вЂ“ 26oz ГѓвЂљГ‚вЂ“ 6pck ГѓвЂљГ‚вЂ“ Pacific Breeze & Coconut),[],True,False,False,True,Cleaning,386.0,B08NYTTWYX,2025-06-14,0.0,0.0,0.0,0.0,0.0
In Stock,ACTIVE,0.0,0.0,,0.0,4.0,5.0,4.0,True,,4.3,143.0,35.32,,,129.0,Clorox,,B08NYTTWYX (Clorox Scentiva ГѓвЂљГ‚вЂ“ Dish Soap ГѓвЂљГ‚вЂ“ 26oz ГѓвЂљГ‚вЂ“ 6pck ГѓвЂљГ‚вЂ“ Pacific Breeze & Coconut),[],True,False,False,True,Cleaning,386.0,B08NYTTWYX,2025-06-13,0.0,0.0,0.0,0.0,0.0
In Stock,ACTIVE,0.133,70.0,35.24,2.0,15.0,5.0,4.0,True,,4.3,143.0,35.32,,,130.0,Clorox,,B08NYTTWYX (Clorox Scentiva ГѓвЂљГ‚вЂ“ Dish Soap ГѓвЂљГ‚вЂ“ 26oz ГѓвЂљГ‚вЂ“ 6pck ГѓвЂљГ‚вЂ“ Pacific Breeze & Coconut),[],True,False,False,True,Cleaning,388.0,B08NYTTWYX,2025-06-12,0.0,0.0,0.0,0.0,0.0
In Stock,ACTIVE,0.182,70.0,35.24,2.0,11.0,5.0,4.0,True,,4.3,143.0,35.32,,,120.0,Clorox,,B08NYTTWYX (Clorox Scentiva ГѓвЂљГ‚вЂ“ Dish Soap ГѓвЂљГ‚вЂ“ 26oz ГѓвЂљГ‚вЂ“ 6pck ГѓвЂљГ‚вЂ“ Pacific Breeze & Coconut),[],True,False,False,True,Cleaning,389.0,B08NYTTWYX,2025-06-11,0.0,0.0,0.0,0.0,0.0
In Stock,ACTIVE,0.167,43.0,42.94,1.0,6.0,5.0,4.0,True,,4.3,143.0,35.32,,,129.0,Clorox,,B08NYTTWYX (Clorox Scentiva ГѓвЂљГ‚вЂ“ Dish Soap ГѓвЂљГ‚вЂ“ 26oz ГѓвЂљГ‚вЂ“ 6pck ГѓвЂљГ‚вЂ“ Pacific Breeze & Coconut),[],True,False,False,True,Cleaning,390.0,B08NYTTWYX,2025-06-10,0.0,0.0,0.0,0.0,0.0
In Stock,ACTIVE,0.077,29.0,28.6,1.0,13.0,5.0,4.0,True,,4.3,143.0,35.32,,,124.0,Clorox,,B08NYTTWYX (Clorox Scentiva ГѓвЂљГ‚вЂ“ Dish Soap ГѓвЂљГ‚вЂ“ 26oz ГѓвЂљГ‚вЂ“ 6pck ГѓвЂљГ‚вЂ“ Pacific Breeze & Coconut),[],True,False,False,True,Cleaning,391.0,B08NYTTWYX,2025-06-09,0.0,0.0,0.0,0.0,0.0
In Stock,ACTIVE,0.083,35.0,35.32,1.0,12.0,5.0,4.0,True,,4.3,143.0,35.32,,,121.0,Clorox,,B08NYTTWYX (Clorox Scentiva ГѓвЂљГ‚вЂ“ Dish Soap ГѓвЂљГ‚вЂ“ 26oz ГѓвЂљГ‚вЂ“ 6pck ГѓвЂљГ‚вЂ“ Pacific Breeze & Coconut),[],True,False,False,True,Cleaning,391.0,B08NYTTWYX,2025-06-08,0.0,0.0,0.0,0.0,0.0
In Stock,ACTIVE,0.5,60.0,30.21,2.0,4.0,5.0,4.0,True,,4.3,143.0,35.32,,,124.0,Clorox,,B08NYTTWYX (Clorox Scentiva ГѓвЂљГ‚вЂ“ Dish Soap ГѓвЂљГ‚вЂ“ 26oz ГѓвЂљГ‚вЂ“ 6pck ГѓвЂљГ‚вЂ“ Pacific Breeze & Coconut),[],True,False,False,True,Cleaning,392.0,B08NYTTWYX,2025-06-07,0.0,0.0,0.0,0.0,0.0
In Stock,ACTIVE,0.143,37.0,36.5,1.0,7.0,5.0,4.0,True,,4.3,143.0,35.32,,,124.0,Clorox,,B08NYTTWYX (Clorox Scentiva ГѓвЂљГ‚вЂ“ Dish Soap ГѓвЂљГ‚вЂ“ 26oz ГѓвЂљГ‚вЂ“ 6pck ГѓвЂљГ‚вЂ“ Pacific Breeze & Coconut),[],True,False,False,True,Cleaning,390.0,B08NYTTWYX,2025-06-06,0.0,0.0,0.0,0.0,0.0
In Stock,ACTIVE,0.143,43.0,42.55,1.0,7.0,5.0,4.0,True,,4.3,143.0,35.32,,,129.0,Clorox,,B08NYTTWYX (Clorox Scentiva ГѓвЂљГ‚вЂ“ Dish Soap ГѓвЂљГ‚вЂ“ 26oz ГѓвЂљГ‚вЂ“ 6pck ГѓвЂљГ‚вЂ“ Pacific Breeze & Coconut),[],True,False,False,True,Cleaning,391.0,B08NYTTWYX,2025-06-05,0.0,0.0,0.0,0.0,0.0
In Stock,ACTIVE,0.182,88.0,44.1,2.0,11.0,5.0,4.0,True,,4.3,143.0,35.32,,,115.0,Clorox,,B08NYTTWYX (Clorox Scentiva ГѓвЂљГ‚вЂ“ Dish Soap ГѓвЂљГ‚вЂ“ 26oz ГѓвЂљГ‚вЂ“ 6pck ГѓвЂљГ‚вЂ“ Pacific Breeze & Coconut),[],True,False,False,True,Cleaning,391.0,B08NYTTWYX,2025-06-04,0.0,0.0,0.0,0.0,0.0
In Stock,ACTIVE,0.0,0.0,,0.0,2.0,5.0,4.0,True,,4.3,143.0,35.32,,,113.0,Clorox,,B08NYTTWYX (Clorox Scentiva ГѓвЂљГ‚вЂ“ Dish Soap ГѓвЂљГ‚вЂ“ 26oz ГѓвЂљГ‚вЂ“ 6pck ГѓвЂљГ‚вЂ“ Pacific Breeze & Coconut),[],True,False,False,True,Cleaning,384.0,B08NYTTWYX,2025-06-03,0.0,0.0,0.0,0.0,0.0
In Stock,ACTIVE,0.167,71.0,35.32,2.0,12.0,5.0,4.0,True,,4.3,143.0,35.32,,,116.0,Clorox,,B08NYTTWYX (Clorox Scentiva ГѓвЂљГ‚вЂ“ Dish Soap ГѓвЂљГ‚вЂ“ 26oz ГѓвЂљГ‚вЂ“ 6pck ГѓвЂљГ‚вЂ“ Pacific Breeze & Coconut),[],True,False,False,True,Cleaning,383.0,B08NYTTWYX,2025-06-02,0.0,0.0,0.0,0.0,0.0
In Stock,ACTIVE,0.038,60.0,30.21,2.0,52.0,5.0,4.0,True,,4.3,143.0,17.6,,,121.0,Clorox,,B08NYTTWYX (Clorox Scentiva ГѓвЂљГ‚вЂ“ Dish Soap ГѓвЂљГ‚вЂ“ 26oz ГѓвЂљГ‚вЂ“ 6pck ГѓвЂљГ‚вЂ“ Pacific Breeze & Coconut),[],True,False,False,True,Cleaning,380.0,B08NYTTWYX,2025-06-01,0.0,0.0,0.0,0.0,0.0
In Stock,ACTIVE,0.111,53.0,17.6,3.0,27.0,5.0,4.0,True,,4.3,143.0,17.6,,,123.0,Clorox,,B08NYTTWYX (Clorox Scentiva ГѓвЂљГ‚вЂ“ Dish Soap ГѓвЂљГ‚вЂ“ 26oz ГѓвЂљГ‚вЂ“ 6pck ГѓвЂљГ‚вЂ“ Pacific Breeze & Coconut),[],True,False,False,True,Cleaning,383.0,B08NYTTWYX,2025-05-31,0.0,0.0,0.0,0.0,0.0
In Stock,ACTIVE,0.174,63.0,15.68,4.0,23.0,5.0,4.0,True,,4.3,143.0,17.6,,,123.0,Clorox,,B08NYTTWYX (Clorox Scentiva ГѓвЂљГ‚вЂ“ Dish Soap ГѓвЂљГ‚вЂ“ 26oz ГѓвЂљГ‚вЂ“ 6pck ГѓвЂљГ‚вЂ“ Pacific Breeze & Coconut),[],True,False,False,True,Cleaning,388.0,B08NYTTWYX,2025-05-30,0.0,0.0,0.0,0.0,0.0
In Stock,ACTIVE,0.2,70.0,17.6,4.0,20.0,5.0,4.0,True,,4.3,143.0,17.6,,,123.0,Clorox,,B08NYTTWYX (Clorox Scentiva ГѓвЂљГ‚вЂ“ Dish Soap ГѓвЂљГ‚вЂ“ 26oz ГѓвЂљГ‚вЂ“ 6pck ГѓвЂљГ‚вЂ“ Pacific Breeze & Coconut),[],True,False,False,True,Cleaning,396.0,B08NYTTWYX,2025-05-29,0.0,0.0,0.0,0.0,0.0
In Stock,ACTIVE,0.154,35.0,17.6,2.0,13.0,5.0,4.0,True,,4.3,143.0,17.6,,,121.0,Clorox,,B08NYTTWYX (Clorox Scentiva ГѓвЂљГ‚вЂ“ Dish Soap ГѓвЂљГ‚вЂ“ 26oz ГѓвЂљГ‚вЂ“ 6pck ГѓвЂљГ‚вЂ“ Pacific Breeze & Coconut),[],True,False,False,True,Cleaning,412.0,B08NYTTWYX,2025-05-28,0.0,0.0,0.0,0.0,0.0
In Stock,ACTIVE,0.1,35.0,17.6,2.0,20.0,5.0,4.0,True,,4.3,143.0,17.6,,,121.0,Clorox,,B08NYTTWYX (Clorox Scentiva ГѓвЂљГ‚вЂ“ Dish Soap ГѓвЂљГ‚вЂ“ 26oz ГѓвЂљГ‚вЂ“ 6pck ГѓвЂљГ‚вЂ“ Pacific Breeze & Coconut),[],True,False,False,True,Cleaning,424.0,B08NYTTWYX,2025-05-27,0.0,0.0,0.0,0.0,0.0
In Stock,ACTIVE,0.059,10.0,9.91,1.0,17.0,5.0,4.0,True,,4.3,142.0,25.29,,,130.0,Clorox,,B08NYTTWYX (Clorox Scentiva ГѓвЂљГ‚вЂ“ Dish Soap ГѓвЂљГ‚вЂ“ 26oz ГѓвЂљГ‚вЂ“ 6pck ГѓвЂљГ‚вЂ“ Pacific Breeze & Coconut),[],True,False,False,True,Cleaning,427.0,B08NYTTWYX,2025-05-26,0.0,0.0,0.0,0.0,0.0
In Stock,ACTIVE,0.2,51.0,25.29,2.0,10.0,5.0,4.0,True,,4.3,142.0,25.29,,,132.0,Clorox,,B08NYTTWYX (Clorox Scentiva ГѓвЂљГ‚вЂ“ Dish Soap ГѓвЂљГ‚вЂ“ 26oz ГѓвЂљГ‚вЂ“ 6pck ГѓвЂљГ‚вЂ“ Pacific Breeze & Coconut),[],True,False,False,True,Cleaning,426.0,B08NYTTWYX,2025-05-25,0.0,0.0,0.0,0.0,0.0
In Stock,ACTIVE,0.063,25.0,25.29,1.0,16.0,5.0,4.0,True,,4.3,141.0,25.29,,,138.0,Clorox,,B08NYTTWYX (Clorox Scentiva ГѓвЂљГ‚вЂ“ Dish Soap ГѓвЂљГ‚вЂ“ 26oz ГѓвЂљГ‚вЂ“ 6pck ГѓвЂљГ‚вЂ“ Pacific Breeze & Coconut),[],True,False,False,True,Cleaning,426.0,B08NYTTWYX,2025-05-24,0.0,0.0,0.0,0.0,0.0
In Stock,ACTIVE,0.0,0.0,,0.0,3.0,5.0,4.0,True,,4.3,141.0,25.29,,,132.0,Clorox,,B08NYTTWYX (Clorox Scentiva ГѓвЂљГ‚вЂ“ Dish Soap ГѓвЂљГ‚вЂ“ 26oz ГѓвЂљГ‚вЂ“ 6pck ГѓвЂљГ‚вЂ“ Pacific Breeze & Coconut),[],True,False,False,True,Cleaning,427.0,B08NYTTWYX,2025-05-23,0.0,0.0,0.0,0.0,0.0
In Stock,ACTIVE,0.0,0.0,,0.0,6.0,5.0,4.0,True,,4.3,141.0,25.29,,,128.0,Clorox,,B08NYTTWYX (Clorox Scentiva ГѓвЂљГ‚вЂ“ Dish Soap ГѓвЂљГ‚вЂ“ 26oz ГѓвЂљГ‚вЂ“ 6pck ГѓвЂљГ‚вЂ“ Pacific Breeze & Coconut),[],True,False,False,True,Cleaning,428.0,B08NYTTWYX,2025-05-22,0.0,0.0,0.0,0.0,0.0
In Stock,ACTIVE,-0.2,-25.0,25.21,-1.0,5.0,5.0,4.0,True,,4.3,141.0,25.29,,,133.0,Clorox,,B08NYTTWYX (Clorox Scentiva ГѓвЂљГ‚вЂ“ Dish Soap ГѓвЂљГ‚вЂ“ 26oz ГѓвЂљГ‚вЂ“ 6pck ГѓвЂљГ‚вЂ“ Pacific Breeze & Coconut),[],True,False,False,True,Cleaning,425.0,B08NYTTWYX,2025-05-21,0.0,0.0,0.0,0.0,0.0
In Stock,ACTIVE,0.231,76.0,25.29,3.0,13.0,5.0,4.0,True,,4.3,141.0,25.29,,,120.0,Clorox,,B08NYTTWYX (Clorox Scentiva ГѓвЂљГ‚вЂ“ Dish Soap ГѓвЂљГ‚вЂ“ 26oz ГѓвЂљГ‚вЂ“ 6pck ГѓвЂљГ‚вЂ“ Pacific Breeze & Coconut),[],True,False,False,True,Cleaning,428.0,B08NYTTWYX,2025-05-20,0.0,0.0,0.0,0.0,0.0
In Stock,ACTIVE,0.286,51.0,25.29,2.0,7.0,5.0,4.0,True,,4.3,141.0,25.29,,,133.0,Clorox,,B08NYTTWYX (Clorox Scentiva ГѓвЂљГ‚вЂ“ Dish Soap ГѓвЂљГ‚вЂ“ 26oz ГѓвЂљГ‚вЂ“ 6pck ГѓвЂљГ‚вЂ“ Pacific Breeze & Coconut),[],True,False,False,True,Cleaning,436.0,B08NYTTWYX,2025-05-19,0.0,0.0,0.0,0.0,0.0
