projects/amazon-trend-analyzer/qb_chunks/page_159_skip159000.csv
ASIN Buyability Flag,asin_status,CVR%,revenue,asp,units,gv,Images #,Videos #,Has A+ Content,Buybox Winner,Average Rating,Number of Ratings,bb_price,Ad CTR%,Ad CVR%,bsr,brand,Ad CPC$,ASIN (Description),Update Type,Sold By Amazon,Has Coupon?,Has Store Link?,In Stock Today?,category,Sellable On Hand Units,asin,date,Ad Cost,Ad Sales,Ad Clicks,Ad Impressions,Ad Conversions
In Stock,ACTIVE,0.0,0.0,,0.0,2.0,5.0,0.0,True,,4.4,5646.0,34.76,,,130.0,Clorox,,B08NYTVL7B (Clorox Scentiva ГѓвЂљГ‚вЂ“ Dish Soap ГѓвЂљГ‚вЂ“ 26oz ГѓвЂљГ‚вЂ“ 6pck ГѓвЂљГ‚вЂ“ Tuscan Lavender & Jasmine),[],True,False,False,True,Cleaning,17.0,B08NYTVL7B,2026-01-01,,,,,
In Stock,ACTIVE,0.25,35.0,34.76,1.0,4.0,5.0,0.0,True,,4.4,5644.0,31.99,,,127.0,Clorox,,B08NYTVL7B (Clorox Scentiva ГѓвЂљГ‚вЂ“ Dish Soap ГѓвЂљГ‚вЂ“ 26oz ГѓвЂљГ‚вЂ“ 6pck ГѓвЂљГ‚вЂ“ Tuscan Lavender & Jasmine),[],True,False,False,True,Cleaning,17.0,B08NYTVL7B,2025-12-31,,,,,
In Stock,ACTIVE,0.5,32.0,31.99,1.0,2.0,5.0,0.0,True,,4.4,5643.0,31.99,,,131.0,Clorox,,B08NYTVL7B (Clorox Scentiva ГѓвЂљГ‚вЂ“ Dish Soap ГѓвЂљГ‚вЂ“ 26oz ГѓвЂљГ‚вЂ“ 6pck ГѓвЂљГ‚вЂ“ Tuscan Lavender & Jasmine),[],True,False,False,True,Cleaning,18.0,B08NYTVL7B,2025-12-30,,,,,
In Stock,ACTIVE,0.0,0.0,,0.0,1.0,5.0,0.0,True,,4.4,5643.0,31.99,,,126.0,Clorox,,B08NYTVL7B (Clorox Scentiva ГѓвЂљГ‚вЂ“ Dish Soap ГѓвЂљГ‚вЂ“ 26oz ГѓвЂљГ‚вЂ“ 6pck ГѓвЂљГ‚вЂ“ Tuscan Lavender & Jasmine),[],True,False,False,True,Cleaning,18.0,B08NYTVL7B,2025-12-29,,,,,
In Stock,ACTIVE,0.0,0.0,,0.0,1.0,5.0,0.0,True,,4.4,5643.0,31.99,,,144.0,Clorox,,B08NYTVL7B (Clorox Scentiva ГѓвЂљГ‚вЂ“ Dish Soap ГѓвЂљГ‚вЂ“ 26oz ГѓвЂљГ‚вЂ“ 6pck ГѓвЂљГ‚вЂ“ Tuscan Lavender & Jasmine),[],True,False,False,True,Cleaning,19.0,B08NYTVL7B,2025-12-28,,,,,
In Stock,ACTIVE,0.333,32.0,31.99,1.0,3.0,5.0,0.0,True,,4.4,5643.0,31.99,,,141.0,Clorox,,B08NYTVL7B (Clorox Scentiva ГѓвЂљГ‚вЂ“ Dish Soap ГѓвЂљГ‚вЂ“ 26oz ГѓвЂљГ‚вЂ“ 6pck ГѓвЂљГ‚вЂ“ Tuscan Lavender & Jasmine),[],True,False,False,True,Cleaning,19.0,B08NYTVL7B,2025-12-27,,,,,
In Stock,ACTIVE,0.0,,,,3.0,5.0,0.0,True,,4.4,5643.0,31.99,,,149.0,Clorox,,B08NYTVL7B (Clorox Scentiva ГѓвЂљГ‚вЂ“ Dish Soap ГѓвЂљГ‚вЂ“ 26oz ГѓвЂљГ‚вЂ“ 6pck ГѓвЂљГ‚вЂ“ Tuscan Lavender & Jasmine),[],True,False,False,True,Cleaning,19.0,B08NYTVL7B,2025-12-26,,,,,
In Stock,ACTIVE,0.0,,,,2.0,5.0,0.0,True,,4.4,5642.0,31.99,,,145.0,Clorox,,B08NYTVL7B (Clorox Scentiva ГѓвЂљГ‚вЂ“ Dish Soap ГѓвЂљГ‚вЂ“ 26oz ГѓвЂљГ‚вЂ“ 6pck ГѓвЂљГ‚вЂ“ Tuscan Lavender & Jasmine),[],True,False,False,True,Cleaning,19.0,B08NYTVL7B,2025-12-25,,,,,
In Stock,ACTIVE,,,,,,5.0,0.0,True,,4.4,5642.0,31.99,,,146.0,Clorox,,B08NYTVL7B (Clorox Scentiva ГѓвЂљГ‚вЂ“ Dish Soap ГѓвЂљГ‚вЂ“ 26oz ГѓвЂљГ‚вЂ“ 6pck ГѓвЂљГ‚вЂ“ Tuscan Lavender & Jasmine),[],True,False,False,True,Cleaning,19.0,B08NYTVL7B,2025-12-24,,,,,
In Stock,ACTIVE,0.0,,,,1.0,5.0,0.0,True,,4.4,5641.0,31.99,,,150.0,Clorox,,B08NYTVL7B (Clorox Scentiva ГѓвЂљГ‚вЂ“ Dish Soap ГѓвЂљГ‚вЂ“ 26oz ГѓвЂљГ‚вЂ“ 6pck ГѓвЂљГ‚вЂ“ Tuscan Lavender & Jasmine),[],True,False,False,True,Cleaning,19.0,B08NYTVL7B,2025-12-23,,,,,
In Stock,ACTIVE,0.0,0.0,,0.0,3.0,5.0,0.0,True,,4.4,5642.0,31.99,,,138.0,Clorox,,B08NYTVL7B (Clorox Scentiva ГѓвЂљГ‚вЂ“ Dish Soap ГѓвЂљГ‚вЂ“ 26oz ГѓвЂљГ‚вЂ“ 6pck ГѓвЂљГ‚вЂ“ Tuscan Lavender & Jasmine),[],True,False,False,True,Cleaning,19.0,B08NYTVL7B,2025-12-22,,,,,
In Stock,ACTIVE,0.0,0.0,,0.0,1.0,5.0,0.0,True,,4.4,5642.0,31.99,,,140.0,Clorox,,B08NYTVL7B (Clorox Scentiva ГѓвЂљГ‚вЂ“ Dish Soap ГѓвЂљГ‚вЂ“ 26oz ГѓвЂљГ‚вЂ“ 6pck ГѓвЂљГ‚вЂ“ Tuscan Lavender & Jasmine),[],True,False,False,True,Cleaning,20.0,B08NYTVL7B,2025-12-21,,,,,
In Stock,ACTIVE,1.0,64.0,31.99,2.0,2.0,5.0,0.0,True,,4.4,5642.0,31.99,,,148.0,Clorox,,B08NYTVL7B (Clorox Scentiva ГѓвЂљГ‚вЂ“ Dish Soap ГѓвЂљГ‚вЂ“ 26oz ГѓвЂљГ‚вЂ“ 6pck ГѓвЂљГ‚вЂ“ Tuscan Lavender & Jasmine),[],True,False,False,True,Cleaning,20.0,B08NYTVL7B,2025-12-20,0.0,0.0,0.0,0.0,0.0
In Stock,ACTIVE,0.0,0.0,,0.0,5.0,5.0,0.0,True,,4.4,5642.0,31.99,,,158.0,Clorox,,B08NYTVL7B (Clorox Scentiva ГѓвЂљГ‚вЂ“ Dish Soap ГѓвЂљГ‚вЂ“ 26oz ГѓвЂљГ‚вЂ“ 6pck ГѓвЂљГ‚вЂ“ Tuscan Lavender & Jasmine),[],True,False,False,True,Cleaning,20.0,B08NYTVL7B,2025-12-19,,,,,
In Stock,ACTIVE,0.0,0.0,,0.0,1.0,5.0,0.0,True,,4.4,5643.0,31.99,,,158.0,Clorox,,B08NYTVL7B (Clorox Scentiva ГѓвЂљГ‚вЂ“ Dish Soap ГѓвЂљГ‚вЂ“ 26oz ГѓвЂљГ‚вЂ“ 6pck ГѓвЂљГ‚вЂ“ Tuscan Lavender & Jasmine),[],True,False,False,True,Cleaning,22.0,B08NYTVL7B,2025-12-18,,,,,
In Stock,ACTIVE,2.0,64.0,31.99,2.0,1.0,5.0,0.0,True,,4.4,5643.0,31.99,,,147.0,Clorox,,B08NYTVL7B (Clorox Scentiva ГѓвЂљГ‚вЂ“ Dish Soap ГѓвЂљГ‚вЂ“ 26oz ГѓвЂљГ‚вЂ“ 6pck ГѓвЂљГ‚вЂ“ Tuscan Lavender & Jasmine),[],True,False,False,True,Cleaning,23.0,B08NYTVL7B,2025-12-17,,,,,
In Stock,ACTIVE,0.0,,,,2.0,5.0,0.0,True,,4.4,5643.0,31.99,,,155.0,Clorox,,B08NYTVL7B (Clorox Scentiva ГѓвЂљГ‚вЂ“ Dish Soap ГѓвЂљГ‚вЂ“ 26oz ГѓвЂљГ‚вЂ“ 6pck ГѓвЂљГ‚вЂ“ Tuscan Lavender & Jasmine),[],True,False,False,True,Cleaning,24.0,B08NYTVL7B,2025-12-16,,,,,
In Stock,ACTIVE,0.333,32.0,31.99,1.0,3.0,5.0,0.0,True,,4.4,5642.0,31.99,,,144.0,Clorox,,B08NYTVL7B (Clorox Scentiva ГѓвЂљГ‚вЂ“ Dish Soap ГѓвЂљГ‚вЂ“ 26oz ГѓвЂљГ‚вЂ“ 6pck ГѓвЂљГ‚вЂ“ Tuscan Lavender & Jasmine),[],True,False,False,True,Cleaning,24.0,B08NYTVL7B,2025-12-15,,,,,
In Stock,ACTIVE,0.0,0.0,,0.0,2.0,5.0,0.0,True,,4.4,5643.0,31.99,,,145.0,Clorox,,B08NYTVL7B (Clorox Scentiva ГѓвЂљГ‚вЂ“ Dish Soap ГѓвЂљГ‚вЂ“ 26oz ГѓвЂљГ‚вЂ“ 6pck ГѓвЂљГ‚вЂ“ Tuscan Lavender & Jasmine),[],True,False,False,True,Cleaning,26.0,B08NYTVL7B,2025-12-14,,,,,
In Stock,ACTIVE,0.5,32.0,31.99,1.0,2.0,5.0,0.0,True,,4.4,5644.0,31.99,,,151.0,Clorox,,B08NYTVL7B (Clorox Scentiva ГѓвЂљГ‚вЂ“ Dish Soap ГѓвЂљГ‚вЂ“ 26oz ГѓвЂљГ‚вЂ“ 6pck ГѓвЂљГ‚вЂ“ Tuscan Lavender & Jasmine),[],True,False,False,True,Cleaning,27.0,B08NYTVL7B,2025-12-13,,,,,
In Stock,ACTIVE,0.0,,,,2.0,5.0,0.0,True,,4.4,5645.0,31.99,,,147.0,Clorox,,B08NYTVL7B (Clorox Scentiva ГѓвЂљГ‚вЂ“ Dish Soap ГѓвЂљГ‚вЂ“ 26oz ГѓвЂљГ‚вЂ“ 6pck ГѓвЂљГ‚вЂ“ Tuscan Lavender & Jasmine),[],True,False,False,True,Cleaning,27.0,B08NYTVL7B,2025-12-12,,,,,
In Stock,ACTIVE,0.0,,,,4.0,5.0,0.0,True,,4.4,5646.0,31.99,,,140.0,Clorox,,B08NYTVL7B (Clorox Scentiva ГѓвЂљГ‚вЂ“ Dish Soap ГѓвЂљГ‚вЂ“ 26oz ГѓвЂљГ‚вЂ“ 6pck ГѓвЂљГ‚вЂ“ Tuscan Lavender & Jasmine),[],True,False,False,True,Cleaning,27.0,B08NYTVL7B,2025-12-11,,,,,
In Stock,ACTIVE,0.0,0.0,,0.0,2.0,5.0,0.0,True,,4.4,5646.0,31.99,,,141.0,Clorox,,B08NYTVL7B (Clorox Scentiva ГѓвЂљГ‚вЂ“ Dish Soap ГѓвЂљГ‚вЂ“ 26oz ГѓвЂљГ‚вЂ“ 6pck ГѓвЂљГ‚вЂ“ Tuscan Lavender & Jasmine),[],True,False,False,True,Cleaning,27.0,B08NYTVL7B,2025-12-10,,,,,
In Stock,ACTIVE,1.0,32.0,31.99,1.0,1.0,5.0,0.0,True,,4.4,5646.0,31.99,,,143.0,Clorox,,B08NYTVL7B (Clorox Scentiva ГѓвЂљГ‚вЂ“ Dish Soap ГѓвЂљГ‚вЂ“ 26oz ГѓвЂљГ‚вЂ“ 6pck ГѓвЂљГ‚вЂ“ Tuscan Lavender & Jasmine),[],True,False,False,True,Cleaning,28.0,B08NYTVL7B,2025-12-09,,,,,
In Stock,ACTIVE,0.5,32.0,31.99,1.0,2.0,5.0,0.0,True,,4.4,5646.0,31.99,,,139.0,Clorox,,B08NYTVL7B (Clorox Scentiva ГѓвЂљГ‚вЂ“ Dish Soap ГѓвЂљГ‚вЂ“ 26oz ГѓвЂљГ‚вЂ“ 6pck ГѓвЂљГ‚вЂ“ Tuscan Lavender & Jasmine),[],True,False,False,True,Cleaning,28.0,B08NYTVL7B,2025-12-08,,,,,
In Stock,ACTIVE,0.0,,,,4.0,5.0,0.0,True,,4.4,5646.0,31.99,,,139.0,Clorox,,B08NYTVL7B (Clorox Scentiva ГѓвЂљГ‚вЂ“ Dish Soap ГѓвЂљГ‚вЂ“ 26oz ГѓвЂљГ‚вЂ“ 6pck ГѓвЂљГ‚вЂ“ Tuscan Lavender & Jasmine),[],True,False,False,True,Cleaning,28.0,B08NYTVL7B,2025-12-07,,,,,
In Stock,ACTIVE,0.0,,,,2.0,5.0,0.0,True,,4.4,5646.0,31.99,,,141.0,Clorox,,B08NYTVL7B (Clorox Scentiva ГѓвЂљГ‚вЂ“ Dish Soap ГѓвЂљГ‚вЂ“ 26oz ГѓвЂљГ‚вЂ“ 6pck ГѓвЂљГ‚вЂ“ Tuscan Lavender & Jasmine),[],True,False,False,True,Cleaning,28.0,B08NYTVL7B,2025-12-06,,,,,
In Stock,ACTIVE,0.0,,,,1.0,5.0,0.0,True,,4.4,5648.0,31.99,,,131.0,Clorox,,B08NYTVL7B (Clorox Scentiva ГѓвЂљГ‚вЂ“ Dish Soap ГѓвЂљГ‚вЂ“ 26oz ГѓвЂљГ‚вЂ“ 6pck ГѓвЂљГ‚вЂ“ Tuscan Lavender & Jasmine),[],True,False,False,True,Cleaning,28.0,B08NYTVL7B,2025-12-05,,,,,
In Stock,ACTIVE,0.0,0.0,,0.0,2.0,5.0,0.0,True,,4.4,5648.0,31.99,,,137.0,Clorox,,B08NYTVL7B (Clorox Scentiva ГѓвЂљГ‚вЂ“ Dish Soap ГѓвЂљГ‚вЂ“ 26oz ГѓвЂљГ‚вЂ“ 6pck ГѓвЂљГ‚вЂ“ Tuscan Lavender & Jasmine),[],True,False,False,True,Cleaning,28.0,B08NYTVL7B,2025-12-04,,,,,
In Stock,ACTIVE,,0.0,,0.0,,5.0,0.0,True,,4.4,5648.0,31.99,,,138.0,Clorox,,B08NYTVL7B (Clorox Scentiva ГѓвЂљГ‚вЂ“ Dish Soap ГѓвЂљГ‚вЂ“ 26oz ГѓвЂљГ‚вЂ“ 6pck ГѓвЂљГ‚вЂ“ Tuscan Lavender & Jasmine),[],True,False,False,True,Cleaning,28.0,B08NYTVL7B,2025-12-03,,,,,
In Stock,ACTIVE,0.0,0.0,,0.0,2.0,5.0,0.0,True,,4.4,5648.0,31.99,,,139.0,Clorox,,B08NYTVL7B (Clorox Scentiva ГѓвЂљГ‚вЂ“ Dish Soap ГѓвЂљГ‚вЂ“ 26oz ГѓвЂљГ‚вЂ“ 6pck ГѓвЂљГ‚вЂ“ Tuscan Lavender & Jasmine),[],True,False,False,True,Cleaning,28.0,B08NYTVL7B,2025-12-02,,,,,
In Stock,ACTIVE,,0.0,,0.0,,5.0,0.0,True,,4.4,5648.0,31.99,,,135.0,Clorox,,B08NYTVL7B (Clorox Scentiva ГѓвЂљГ‚вЂ“ Dish Soap ГѓвЂљГ‚вЂ“ 26oz ГѓвЂљГ‚вЂ“ 6pck ГѓвЂљГ‚вЂ“ Tuscan Lavender & Jasmine),[],True,False,False,True,Cleaning,29.0,B08NYTVL7B,2025-12-01,,,,,
In Stock,ACTIVE,0.5,32.0,31.99,1.0,2.0,5.0,0.0,True,,4.4,5648.0,31.99,,,135.0,Clorox,,B08NYTVL7B (Clorox Scentiva ГѓвЂљГ‚вЂ“ Dish Soap ГѓвЂљГ‚вЂ“ 26oz ГѓвЂљГ‚вЂ“ 6pck ГѓвЂљГ‚вЂ“ Tuscan Lavender & Jasmine),[],True,False,False,True,Cleaning,30.0,B08NYTVL7B,2025-11-30,,,,,
In Stock,ACTIVE,0.5,26.0,25.87,1.0,2.0,5.0,0.0,True,,4.4,5648.0,31.99,,,131.0,Clorox,,B08NYTVL7B (Clorox Scentiva ГѓвЂљГ‚вЂ“ Dish Soap ГѓвЂљГ‚вЂ“ 26oz ГѓвЂљГ‚вЂ“ 6pck ГѓвЂљГ‚вЂ“ Tuscan Lavender & Jasmine),[],True,False,False,True,Cleaning,31.0,B08NYTVL7B,2025-11-29,,,,,
In Stock,ACTIVE,0.0,,,,2.0,5.0,0.0,True,,4.4,5647.0,31.99,,,131.0,Clorox,,B08NYTVL7B (Clorox Scentiva ГѓвЂљГ‚вЂ“ Dish Soap ГѓвЂљГ‚вЂ“ 26oz ГѓвЂљГ‚вЂ“ 6pck ГѓвЂљГ‚вЂ“ Tuscan Lavender & Jasmine),[],True,False,False,True,Cleaning,32.0,B08NYTVL7B,2025-11-28,,,,,
In Stock,ACTIVE,0.0,0.0,,0.0,2.0,5.0,0.0,True,,4.4,5647.0,31.99,,,136.0,Clorox,,B08NYTVL7B (Clorox Scentiva ГѓвЂљГ‚вЂ“ Dish Soap ГѓвЂљГ‚вЂ“ 26oz ГѓвЂљГ‚вЂ“ 6pck ГѓвЂљГ‚вЂ“ Tuscan Lavender & Jasmine),[],True,False,False,True,Cleaning,32.0,B08NYTVL7B,2025-11-27,,,,,
In Stock,ACTIVE,0.2,32.0,31.99,1.0,5.0,5.0,0.0,True,,4.4,5647.0,31.99,,,140.0,Clorox,,B08NYTVL7B (Clorox Scentiva ГѓвЂљГ‚вЂ“ Dish Soap ГѓвЂљГ‚вЂ“ 26oz ГѓвЂљГ‚вЂ“ 6pck ГѓвЂљГ‚вЂ“ Tuscan Lavender & Jasmine),[],True,False,False,True,Cleaning,33.0,B08NYTVL7B,2025-11-26,,,,,
In Stock,ACTIVE,0.0,0.0,,0.0,4.0,5.0,0.0,True,,4.4,5647.0,31.99,,,151.0,Clorox,,B08NYTVL7B (Clorox Scentiva ГѓвЂљГ‚вЂ“ Dish Soap ГѓвЂљГ‚вЂ“ 26oz ГѓвЂљГ‚вЂ“ 6pck ГѓвЂљГ‚вЂ“ Tuscan Lavender & Jasmine),[],True,False,False,True,Cleaning,33.0,B08NYTVL7B,2025-11-25,,,,,
In Stock,ACTIVE,,0.0,,0.0,,5.0,0.0,True,,4.4,5647.0,31.99,,,150.0,Clorox,,B08NYTVL7B (Clorox Scentiva ГѓвЂљГ‚вЂ“ Dish Soap ГѓвЂљГ‚вЂ“ 26oz ГѓвЂљГ‚вЂ“ 6pck ГѓвЂљГ‚вЂ“ Tuscan Lavender & Jasmine),[],True,False,False,True,Cleaning,33.0,B08NYTVL7B,2025-11-24,,,,,
In Stock,ACTIVE,0.5,32.0,31.99,1.0,2.0,5.0,0.0,True,,4.4,5648.0,31.99,,,156.0,Clorox,,B08NYTVL7B (Clorox Scentiva ГѓвЂљГ‚вЂ“ Dish Soap ГѓвЂљГ‚вЂ“ 26oz ГѓвЂљГ‚вЂ“ 6pck ГѓвЂљГ‚вЂ“ Tuscan Lavender & Jasmine),[],True,False,False,True,Cleaning,33.0,B08NYTVL7B,2025-11-23,,,,,
In Stock,ACTIVE,0.0,0.0,,0.0,2.0,5.0,0.0,True,,4.4,5648.0,31.99,,,146.0,Clorox,,B08NYTVL7B (Clorox Scentiva ГѓвЂљГ‚вЂ“ Dish Soap ГѓвЂљГ‚вЂ“ 26oz ГѓвЂљГ‚вЂ“ 6pck ГѓвЂљГ‚вЂ“ Tuscan Lavender & Jasmine),[],True,False,False,True,Cleaning,33.0,B08NYTVL7B,2025-11-22,,,,,
In Stock,ACTIVE,0.0,0.0,,0.0,3.0,5.0,0.0,True,,4.4,5648.0,31.99,,,142.0,Clorox,,B08NYTVL7B (Clorox Scentiva ГѓвЂљГ‚вЂ“ Dish Soap ГѓвЂљГ‚вЂ“ 26oz ГѓвЂљГ‚вЂ“ 6pck ГѓвЂљГ‚вЂ“ Tuscan Lavender & Jasmine),[],True,False,False,True,Cleaning,34.0,B08NYTVL7B,2025-11-21,,,,,
In Stock,ACTIVE,2.0,64.0,31.79,2.0,1.0,5.0,0.0,True,,4.4,5648.0,31.58,,,140.0,Clorox,,B08NYTVL7B (Clorox Scentiva ГѓвЂљГ‚вЂ“ Dish Soap ГѓвЂљГ‚вЂ“ 26oz ГѓвЂљГ‚вЂ“ 6pck ГѓвЂљГ‚вЂ“ Tuscan Lavender & Jasmine),[],True,False,False,True,Cleaning,34.0,B08NYTVL7B,2025-11-20,,,,,
In Stock,ACTIVE,0.0,,,,6.0,5.0,0.0,True,,4.4,5648.0,31.58,,,156.0,Clorox,,B08NYTVL7B (Clorox Scentiva ГѓвЂљГ‚вЂ“ Dish Soap ГѓвЂљГ‚вЂ“ 26oz ГѓвЂљГ‚вЂ“ 6pck ГѓвЂљГ‚вЂ“ Tuscan Lavender & Jasmine),[],True,False,False,True,Cleaning,34.0,B08NYTVL7B,2025-11-19,,,,,
In Stock,ACTIVE,,32.0,31.58,1.0,,5.0,0.0,True,,4.4,5647.0,31.58,,,154.0,Clorox,,B08NYTVL7B (Clorox Scentiva ГѓвЂљГ‚вЂ“ Dish Soap ГѓвЂљГ‚вЂ“ 26oz ГѓвЂљГ‚вЂ“ 6pck ГѓвЂљГ‚вЂ“ Tuscan Lavender & Jasmine),[],True,False,False,True,Cleaning,34.0,B08NYTVL7B,2025-11-18,,,,,
In Stock,ACTIVE,0.0,0.0,,0.0,1.0,5.0,0.0,True,,4.4,5647.0,31.58,,,152.0,Clorox,,B08NYTVL7B (Clorox Scentiva ГѓвЂљГ‚вЂ“ Dish Soap ГѓвЂљГ‚вЂ“ 26oz ГѓвЂљГ‚вЂ“ 6pck ГѓвЂљГ‚вЂ“ Tuscan Lavender & Jasmine),[],True,False,False,True,Cleaning,34.0,B08NYTVL7B,2025-11-17,,,,,
In Stock,ACTIVE,,,,,,5.0,0.0,True,,4.4,5646.0,31.63,,,140.0,Clorox,,B08NYTVL7B (Clorox Scentiva ГѓвЂљГ‚вЂ“ Dish Soap ГѓвЂљГ‚вЂ“ 26oz ГѓвЂљГ‚вЂ“ 6pck ГѓвЂљГ‚вЂ“ Tuscan Lavender & Jasmine),[],True,False,False,True,Cleaning,34.0,B08NYTVL7B,2025-11-16,,,,,
In Stock,ACTIVE,0.0,,,,4.0,5.0,0.0,True,,4.4,5646.0,31.8,,,141.0,Clorox,,B08NYTVL7B (Clorox Scentiva ГѓвЂљГ‚вЂ“ Dish Soap ГѓвЂљГ‚вЂ“ 26oz ГѓвЂљГ‚вЂ“ 6pck ГѓвЂљГ‚вЂ“ Tuscan Lavender & Jasmine),[],True,False,False,True,Cleaning,34.0,B08NYTVL7B,2025-11-15,,,,,
In Stock,ACTIVE,0.0,,,,3.0,5.0,0.0,True,,4.4,5644.0,31.8,,,139.0,Clorox,,B08NYTVL7B (Clorox Scentiva ГѓвЂљГ‚вЂ“ Dish Soap ГѓвЂљГ‚вЂ“ 26oz ГѓвЂљГ‚вЂ“ 6pck ГѓвЂљГ‚вЂ“ Tuscan Lavender & Jasmine),[],True,False,False,True,Cleaning,,B08NYTVL7B,2025-11-14,,,,,
In Stock,ACTIVE,0.0,0.0,,0.0,2.0,5.0,0.0,True,,4.4,5644.0,31.8,,,146.0,Clorox,,B08NYTVL7B (Clorox Scentiva ГѓвЂљГ‚вЂ“ Dish Soap ГѓвЂљГ‚вЂ“ 26oz ГѓвЂљГ‚вЂ“ 6pck ГѓвЂљГ‚вЂ“ Tuscan Lavender & Jasmine),[],True,False,False,True,Cleaning,34.0,B08NYTVL7B,2025-11-13,,,,,
In Stock,ACTIVE,0.2,36.0,35.52,1.0,5.0,5.0,0.0,True,,4.4,5644.0,35.52,,,146.0,Clorox,,B08NYTVL7B (Clorox Scentiva ГѓвЂљГ‚вЂ“ Dish Soap ГѓвЂљГ‚вЂ“ 26oz ГѓвЂљГ‚вЂ“ 6pck ГѓвЂљГ‚вЂ“ Tuscan Lavender & Jasmine),[],True,False,False,True,Cleaning,35.0,B08NYTVL7B,2025-11-12,,,,,
In Stock,ACTIVE,0.0,,,,4.0,5.0,0.0,True,,4.4,5644.0,35.52,,,146.0,Clorox,,B08NYTVL7B (Clorox Scentiva ГѓвЂљГ‚вЂ“ Dish Soap ГѓвЂљГ‚вЂ“ 26oz ГѓвЂљГ‚вЂ“ 6pck ГѓвЂљГ‚вЂ“ Tuscan Lavender & Jasmine),[],True,False,False,True,Cleaning,35.0,B08NYTVL7B,2025-11-11,,,,,
In Stock,ACTIVE,-0.25,-32.0,31.99,-1.0,4.0,5.0,0.0,True,,4.4,5644.0,35.52,,,146.0,Clorox,,B08NYTVL7B (Clorox Scentiva ГѓвЂљГ‚вЂ“ Dish Soap ГѓвЂљГ‚вЂ“ 26oz ГѓвЂљГ‚вЂ“ 6pck ГѓвЂљГ‚вЂ“ Tuscan Lavender & Jasmine),[],True,False,False,True,Cleaning,35.0,B08NYTVL7B,2025-11-10,,,,,
In Stock,ACTIVE,,,,,,5.0,0.0,True,,4.4,5644.0,35.85,,,146.0,Clorox,,B08NYTVL7B (Clorox Scentiva ГѓвЂљГ‚вЂ“ Dish Soap ГѓвЂљГ‚вЂ“ 26oz ГѓвЂљГ‚вЂ“ 6pck ГѓвЂљГ‚вЂ“ Tuscan Lavender & Jasmine),[],True,False,False,True,Cleaning,35.0,B08NYTVL7B,2025-11-09,,,,,
In Stock,ACTIVE,0.0,,,,1.0,5.0,0.0,True,,4.4,5644.0,35.85,,,146.0,Clorox,,B08NYTVL7B (Clorox Scentiva ГѓвЂљГ‚вЂ“ Dish Soap ГѓвЂљГ‚вЂ“ 26oz ГѓвЂљГ‚вЂ“ 6pck ГѓвЂљГ‚вЂ“ Tuscan Lavender & Jasmine),[],True,False,False,True,Cleaning,35.0,B08NYTVL7B,2025-11-08,,,,,
In Stock,ACTIVE,1.0,32.0,31.99,1.0,1.0,5.0,0.0,True,,4.4,5645.0,35.85,,,146.0,Clorox,,B08NYTVL7B (Clorox Scentiva ГѓвЂљГ‚вЂ“ Dish Soap ГѓвЂљГ‚вЂ“ 26oz ГѓвЂљГ‚вЂ“ 6pck ГѓвЂљГ‚вЂ“ Tuscan Lavender & Jasmine),[],True,False,False,True,Cleaning,35.0,B08NYTVL7B,2025-11-07,,,,,
In Stock,ACTIVE,0.0,0.0,,0.0,2.0,5.0,0.0,True,,4.4,5646.0,31.99,,,144.0,Clorox,,B08NYTVL7B (Clorox Scentiva ГѓвЂљГ‚вЂ“ Dish Soap ГѓвЂљГ‚вЂ“ 26oz ГѓвЂљГ‚вЂ“ 6pck ГѓвЂљГ‚вЂ“ Tuscan Lavender & Jasmine),[],True,False,False,True,Cleaning,35.0,B08NYTVL7B,2025-11-06,,,,,
In Stock,ACTIVE,0.0,0.0,,0.0,1.0,5.0,0.0,True,,4.4,5646.0,31.99,,,144.0,Clorox,,B08NYTVL7B (Clorox Scentiva ГѓвЂљГ‚вЂ“ Dish Soap ГѓвЂљГ‚вЂ“ 26oz ГѓвЂљГ‚вЂ“ 6pck ГѓвЂљГ‚вЂ“ Tuscan Lavender & Jasmine),[],True,False,False,True,Cleaning,35.0,B08NYTVL7B,2025-11-05,,,,,
In Stock,ACTIVE,0.0,0.0,,0.0,1.0,5.0,0.0,True,,4.4,5646.0,31.99,,,139.0,Clorox,,B08NYTVL7B (Clorox Scentiva ГѓвЂљГ‚вЂ“ Dish Soap ГѓвЂљГ‚вЂ“ 26oz ГѓвЂљГ‚вЂ“ 6pck ГѓвЂљГ‚вЂ“ Tuscan Lavender & Jasmine),[],True,False,False,True,Cleaning,36.0,B08NYTVL7B,2025-11-04,,,,,
In Stock,ACTIVE,0.0,0.0,,0.0,1.0,5.0,0.0,True,,4.4,5645.0,31.99,,,135.0,Clorox,,B08NYTVL7B (Clorox Scentiva ГѓвЂљГ‚вЂ“ Dish Soap ГѓвЂљГ‚вЂ“ 26oz ГѓвЂљГ‚вЂ“ 6pck ГѓвЂљГ‚вЂ“ Tuscan Lavender & Jasmine),[],True,False,False,True,Cleaning,37.0,B08NYTVL7B,2025-11-03,,,,,
In Stock,ACTIVE,0.0,,,,3.0,5.0,0.0,True,,4.4,5644.0,31.99,,,140.0,Clorox,,B08NYTVL7B (Clorox Scentiva ГѓвЂљГ‚вЂ“ Dish Soap ГѓвЂљГ‚вЂ“ 26oz ГѓвЂљГ‚вЂ“ 6pck ГѓвЂљГ‚вЂ“ Tuscan Lavender & Jasmine),[],True,False,False,True,Cleaning,37.0,B08NYTVL7B,2025-11-02,,,,,
In Stock,ACTIVE,,0.0,,0.0,,5.0,0.0,True,,4.4,5643.0,31.99,,,143.0,Clorox,,B08NYTVL7B (Clorox Scentiva ГѓвЂљГ‚вЂ“ Dish Soap ГѓвЂљГ‚вЂ“ 26oz ГѓвЂљГ‚вЂ“ 6pck ГѓвЂљГ‚вЂ“ Tuscan Lavender & Jasmine),[],True,False,False,True,Cleaning,37.0,B08NYTVL7B,2025-11-01,,,,,
In Stock,ACTIVE,,,,,,5.0,0.0,True,,4.4,5644.0,31.35,,,142.0,Clorox,,B08NYTVL7B (Clorox Scentiva ГѓвЂљГ‚вЂ“ Dish Soap ГѓвЂљГ‚вЂ“ 26oz ГѓвЂљГ‚вЂ“ 6pck ГѓвЂљГ‚вЂ“ Tuscan Lavender & Jasmine),[],True,False,False,True,Cleaning,37.0,B08NYTVL7B,2025-10-31,,,,,
In Stock,ACTIVE,0.0,,,,3.0,5.0,0.0,True,,4.4,5643.0,31.35,,,143.0,Clorox,,B08NYTVL7B (Clorox Scentiva ГѓвЂљГ‚вЂ“ Dish Soap ГѓвЂљГ‚вЂ“ 26oz ГѓвЂљГ‚вЂ“ 6pck ГѓвЂљГ‚вЂ“ Tuscan Lavender & Jasmine),[],True,False,False,True,Cleaning,37.0,B08NYTVL7B,2025-10-30,,,,,
In Stock,ACTIVE,,32.0,31.99,1.0,,5.0,0.0,True,,4.4,5642.0,31.99,,,146.0,Clorox,,B08NYTVL7B (Clorox Scentiva ГѓвЂљГ‚вЂ“ Dish Soap ГѓвЂљГ‚вЂ“ 26oz ГѓвЂљГ‚вЂ“ 6pck ГѓвЂљГ‚вЂ“ Tuscan Lavender & Jasmine),[],True,False,False,True,Cleaning,37.0,B08NYTVL7B,2025-10-29,,,,,
In Stock,ACTIVE,0.0,,,,2.0,5.0,0.0,True,,4.4,5643.0,31.99,,,142.0,Clorox,,B08NYTVL7B (Clorox Scentiva ГѓвЂљГ‚вЂ“ Dish Soap ГѓвЂљГ‚вЂ“ 26oz ГѓвЂљГ‚вЂ“ 6pck ГѓвЂљГ‚вЂ“ Tuscan Lavender & Jasmine),[],True,False,False,True,Cleaning,37.0,B08NYTVL7B,2025-10-28,,,,,
